2026-01-25 05:04:16,913 - INFO - Resume模式：发现 0 个已存在的tensor文件，将跳过这些文件
2026-01-25 05:04:21,001 - INFO - 第1条序列处理完成，用时：4.09秒
2026-01-25 05:04:24,677 - INFO - 第2条序列处理完成，用时：3.68秒
2026-01-25 05:04:28,295 - INFO - 第3条序列处理完成，用时：3.62秒
2026-01-25 05:04:31,918 - INFO - 第4条序列处理完成，用时：3.62秒
2026-01-25 05:04:35,701 - INFO - 第5条序列处理完成，用时：3.78秒
2026-01-25 05:04:39,332 - INFO - 第6条序列处理完成，用时：3.63秒
2026-01-25 05:04:43,036 - INFO - 第7条序列处理完成，用时：3.70秒
2026-01-25 05:04:46,677 - INFO - 第8条序列处理完成，用时：3.64秒
2026-01-25 05:04:50,195 - INFO - 第9条序列处理完成，用时：3.52秒
2026-01-25 05:04:53,711 - INFO - 第10条序列处理完成，用时：3.52秒
2026-01-25 05:04:57,353 - INFO - 第11条序列处理完成，用时：3.64秒
2026-01-25 05:05:01,630 - INFO - 第11条序列,index为11:Retry times: 1 | Response: [0.6384991813004 نزديك به 0.6385, 0.37821415265490904]
2026-01-25 05:05:05,381 - INFO - 第12条序列处理完成，用时：8.03秒
2026-01-25 05:05:09,090 - INFO - 第13条序列处理完成，用时：3.71秒
2026-01-25 05:05:12,777 - INFO - 第14条序列处理完成，用时：3.69秒
2026-01-25 05:05:16,280 - INFO - 第15条序列处理完成，用时：3.50秒
2026-01-25 05:05:19,841 - INFO - 第16条序列处理完成，用时：3.56秒
2026-01-25 05:05:23,283 - INFO - 第17条序列处理完成，用时：3.44秒
2026-01-25 05:05:26,889 - INFO - 第18条序列处理完成，用时：3.61秒
2026-01-25 05:05:30,437 - INFO - 第19条序列处理完成，用时：3.55秒
2026-01-25 05:05:34,159 - INFO - 第20条序列处理完成，用时：3.72秒
2026-01-25 05:05:37,629 - INFO - 第21条序列处理完成，用时：3.47秒
2026-01-25 05:05:41,172 - INFO - 第22条序列处理完成，用时：3.54秒
2026-01-25 05:05:44,850 - INFO - 第23条序列处理完成，用时：3.68秒
2026-01-25 05:05:48,495 - INFO - 第24条序列处理完成，用时：3.64秒
2026-01-25 05:05:52,138 - INFO - 第25条序列处理完成，用时：3.64秒
2026-01-25 05:05:55,748 - INFO - 第26条序列处理完成，用时：3.61秒
2026-01-25 05:05:59,456 - INFO - 第27条序列处理完成，用时：3.71秒
2026-01-25 05:06:03,228 - INFO - 第28条序列处理完成，用时：3.77秒
2026-01-25 05:06:07,033 - INFO - 第29条序列处理完成，用时：3.80秒
2026-01-25 05:06:10,781 - INFO - 第30条序列处理完成，用时：3.75秒
2026-01-25 05:06:14,343 - INFO - 第31条序列处理完成，用时：3.56秒
2026-01-25 05:06:17,862 - INFO - 第32条序列处理完成，用时：3.52秒
2026-01-25 05:06:21,504 - INFO - 第33条序列处理完成，用时：3.64秒
2026-01-25 05:06:25,026 - INFO - 第34条序列处理完成，用时：3.52秒
2026-01-25 05:06:28,488 - INFO - 第35条序列处理完成，用时：3.46秒
2026-01-25 05:06:31,919 - INFO - 第36条序列处理完成，用时：3.43秒
2026-01-25 05:06:35,492 - INFO - 第37条序列处理完成，用时：3.57秒
2026-01-25 05:06:39,101 - INFO - 第38条序列处理完成，用时：3.61秒
2026-01-25 05:06:42,707 - INFO - 第39条序列处理完成，用时：3.61秒
2026-01-25 05:06:46,295 - INFO - 第40条序列处理完成，用时：3.59秒
2026-01-25 05:06:49,901 - INFO - 第41条序列处理完成，用时：3.61秒
2026-01-25 05:06:53,504 - INFO - 第42条序列处理完成，用时：3.60秒
2026-01-25 05:06:57,238 - INFO - 第43条序列处理完成，用时：3.73秒
2026-01-25 05:07:00,908 - INFO - 第44条序列处理完成，用时：3.67秒
2026-01-25 05:07:04,496 - INFO - 第45条序列处理完成，用时：3.59秒
2026-01-25 05:07:08,099 - INFO - 第46条序列处理完成，用时：3.60秒
2026-01-25 05:07:11,799 - INFO - 第47条序列处理完成，用时：3.70秒
2026-01-25 05:07:15,485 - INFO - 第48条序列处理完成，用时：3.69秒
2026-01-25 05:07:19,156 - INFO - 第49条序列处理完成，用时：3.67秒
2026-01-25 05:07:22,812 - INFO - 第50条序列处理完成，用时：3.66秒
2026-01-25 05:07:26,362 - INFO - 第51条序列处理完成，用时：3.55秒
2026-01-25 05:07:30,093 - INFO - 第52条序列处理完成，用时：3.73秒
2026-01-25 05:07:33,793 - INFO - 第53条序列处理完成，用时：3.70秒
2026-01-25 05:07:36,890 - INFO - 第53条序列,index为53:Retry times: 1 | Response: [0.4510298308157801, 0.41048844988
2026-01-25 05:07:40,556 - INFO - 第54条序列处理完成，用时：6.76秒
2026-01-25 05:07:44,183 - INFO - 第55条序列处理完成，用时：3.63秒
2026-01-25 05:07:47,974 - INFO - 第56条序列处理完成，用时：3.79秒
2026-01-25 05:07:51,583 - INFO - 第57条序列处理完成，用时：3.61秒
2026-01-25 05:07:55,134 - INFO - 第58条序列处理完成，用时：3.55秒
2026-01-25 05:07:58,697 - INFO - 第59条序列处理完成，用时：3.56秒
2026-01-25 05:08:02,229 - INFO - 第60条序列处理完成，用时：3.53秒
2026-01-25 05:08:05,817 - INFO - 第61条序列处理完成，用时：3.59秒
2026-01-25 05:08:09,440 - INFO - 第62条序列处理完成，用时：3.62秒
2026-01-25 05:08:13,066 - INFO - 第63条序列处理完成，用时：3.63秒
2026-01-25 05:08:16,722 - INFO - 第64条序列处理完成，用时：3.66秒
2026-01-25 05:08:20,340 - INFO - 第65条序列处理完成，用时：3.62秒
2026-01-25 05:08:23,966 - INFO - 第66条序列处理完成，用时：3.63秒
2026-01-25 05:08:27,585 - INFO - 第67条序列处理完成，用时：3.62秒
2026-01-25 05:08:30,900 - INFO - 第68条序列处理完成，用时：3.31秒
2026-01-25 05:08:34,453 - INFO - 第69条序列处理完成，用时：3.55秒
2026-01-25 05:08:38,021 - INFO - 第70条序列处理完成，用时：3.57秒
2026-01-25 05:08:41,613 - INFO - 第71条序列处理完成，用时：3.59秒
2026-01-25 05:08:45,221 - INFO - 第72条序列处理完成，用时：3.61秒
2026-01-25 05:08:48,711 - INFO - 第73条序列处理完成，用时：3.49秒
2026-01-25 05:08:52,347 - INFO - 第74条序列处理完成，用时：3.64秒
2026-01-25 05:08:55,883 - INFO - 第75条序列处理完成，用时：3.54秒
2026-01-25 05:08:59,456 - INFO - 第76条序列处理完成，用时：3.57秒
2026-01-25 05:09:03,051 - INFO - 第77条序列处理完成，用时：3.59秒
2026-01-25 05:09:06,661 - INFO - 第78条序列处理完成，用时：3.61秒
2026-01-25 05:09:10,175 - INFO - 第79条序列处理完成，用时：3.51秒
2026-01-25 05:09:13,834 - INFO - 第80条序列处理完成，用时：3.66秒
2026-01-25 05:09:17,494 - INFO - 第81条序列处理完成，用时：3.66秒
2026-01-25 05:09:20,568 - INFO - 第81条序列,index为81:Retry times: 1 | Response: [0.51204883 extranjera, 0.48270643331237966]
2026-01-25 05:09:24,157 - INFO - 第82条序列处理完成，用时：6.66秒
2026-01-25 05:09:27,740 - INFO - 第83条序列处理完成，用时：3.58秒
2026-01-25 05:09:31,447 - INFO - 第84条序列处理完成，用时：3.71秒
2026-01-25 05:09:35,017 - INFO - 第85条序列处理完成，用时：3.57秒
2026-01-25 05:09:38,494 - INFO - 第86条序列处理完成，用时：3.48秒
2026-01-25 05:09:42,113 - INFO - 第87条序列处理完成，用时：3.62秒
2026-01-25 05:09:45,768 - INFO - 第88条序列处理完成，用时：3.65秒
2026-01-25 05:09:49,398 - INFO - 第89条序列处理完成，用时：3.63秒
2026-01-25 05:09:53,029 - INFO - 第90条序列处理完成，用时：3.63秒
2026-01-25 05:09:56,595 - INFO - 第91条序列处理完成，用时：3.57秒
2026-01-25 05:10:00,208 - INFO - 第92条序列处理完成，用时：3.61秒
2026-01-25 05:10:03,844 - INFO - 第93条序列处理完成，用时：3.64秒
2026-01-25 05:10:07,393 - INFO - 第94条序列处理完成，用时：3.55秒
2026-01-25 05:10:10,926 - INFO - 第95条序列处理完成，用时：3.53秒
2026-01-25 05:10:14,459 - INFO - 第96条序列处理完成，用时：3.53秒
2026-01-25 05:10:17,984 - INFO - 第97条序列处理完成，用时：3.53秒
2026-01-25 05:10:21,577 - INFO - 第98条序列处理完成，用时：3.59秒
2026-01-25 05:10:25,136 - INFO - 第99条序列处理完成，用时：3.56秒
2026-01-25 05:10:28,805 - INFO - 第100条序列处理完成，用时：3.67秒
2026-01-25 05:10:32,489 - INFO - 第101条序列处理完成，用时：3.68秒
2026-01-25 05:10:36,188 - INFO - 第102条序列处理完成，用时：3.70秒
2026-01-25 05:10:39,746 - INFO - 第103条序列处理完成，用时：3.56秒
2026-01-25 05:10:43,282 - INFO - 第104条序列处理完成，用时：3.54秒
2026-01-25 05:10:46,900 - INFO - 第105条序列处理完成，用时：3.62秒
2026-01-25 05:10:50,469 - INFO - 第106条序列处理完成，用时：3.57秒
2026-01-25 05:10:54,029 - INFO - 第107条序列处理完成，用时：3.56秒
2026-01-25 05:10:56,199 - INFO - 第107条序列,index为107:Retry times: 1 | Response: [0.35484434 0.48247275]
2026-01-25 05:10:59,947 - INFO - 第108条序列处理完成，用时：5.92秒
2026-01-25 05:11:03,591 - INFO - 第109条序列处理完成，用时：3.64秒
2026-01-25 05:11:07,285 - INFO - 第110条序列处理完成，用时：3.69秒
